signed_sorted[0]=-3
signed_sorted[1]=-1
signed_sorted[2]=0
signed_sorted[3]=2
signed_sorted[4]=5
signed_sorted[5]=8
unsigned_sorted[0]=0
unsigned_sorted[1]=5
unsigned_sorted[2]=100
unsigned_sorted[3]=200
unsigned_sorted[4]=255
float_sorted[0]=-2.5
float_sorted[1]=1.2
float_sorted[2]=3.5
float_sorted[3]=9.9
stable_sort_ok=true
stable_by_key[0]=(0,20)
stable_by_key[1]=(0,40)
stable_by_key[2]=(1,10)
stable_by_key[3]=(1,30)
by_key_desc[0]=8
by_key_desc[1]=5
by_key_desc[2]=2
by_key_desc[3]=1
sorted_copy[0]=1
sorted_copy[1]=2
sorted_copy[2]=5
sorted_copy[3]=8
sorted_source_unchanged[0]=5
sorted_source_unchanged[1]=2
sorted_source_unchanged[2]=8
sorted_source_unchanged[3]=1
binary_search_hit=2
binary_search_miss=none
binary_search_by_hit=3
lower_bound_present=2
upper_bound_present=3
lower_bound_between=2
upper_bound_between=2
partition_point=2
reversed[0]=5
reversed[1]=4
reversed[2]=3
reversed[3]=2
reversed[4]=1
rotated[0]=3
rotated[1]=4
rotated[2]=5
rotated[3]=1
rotated[4]=2
dedup_len=4
dedup[0]=1
dedup[1]=2
dedup[2]=3
dedup[3]=1
window[0]=(1,2)
window[1]=(2,3)
window[2]=(3,4)
window[3]=(4,5)
chunk[0]_len=2
chunk[1]_len=2
chunk[2]_len=1
