drop 243
rv 11
drop 243
rv 0
drop 244
lam 9
for return 1
drop 242
reverse_order body done
drop 3
drop 2
drop 1
consumed 10
drop 10
moved_from body done
drop 11
field_wise body done
drop 20
touch 50
touch 50
method_receiver body done
drop 50
peek 60
peek 60
lent body done
drop 60
peek 61
lent early return
drop 61
early_return taking the early path
drop 30
drop 40
early_break breaking
drop 41
early_break loop done
shadowed body 71
drop 71
drop 70
shadowed by int 5
drop 72
sum body done
drop 91
drop 90
option body done
drop 92
sum moved body done
drop 93
drop 100
tail_fn 100
drop 102
drop 101
tail_if 1102
drop 101
tail_if 101
drop 103
tail_match 104
drop 103
tail_match 103
drop 104
tail_param 104
drop 80
returned 80
arm 200
drop 200
match_binding done
drop 201
wild
match_wildcard done
consumed 202
drop 202
match_moved done
drop 203
drop 204
ret 5
drop 213
val 213
fresh 205
drop 205
part 214
part done
iflet 206
drop 206
drop 207
miss
if_let done
loop 208
drop 208
while_let done
destructure done
drop 212
drop 211
drop 210
drop 209
wl 220
drop 220
drop 221
while_let_exit done
drop 222
else branch
hit 223
drop 223
drop 225
rest done 224
drop 224
params 226 227
drop 227
drop 226
drop 229
params rest 228
drop 228
drop 231
params tuple 230
drop 230
for 1
for 2
for 3
drop 240
for done
for break 1
drop 241
for break done
main done
drop 214
