error: cannot tell what `T` is in this call to `count_of`
  --> 013_open_leaf_at_a_generic_call.cn:22:12
   22 |     return count_of(out, 0)
      |            ^^^^^^^^^^^^^^^^ `T` is a type parameter this call leaves unsolved
  help: `count_of` is compiled once per concrete type, so every type parameter has to be pinned down. Either give it outright in brackets (`count_of[int32](...)`), or annotate the value that should determine `T` — an annotated `let`, a declared return type, or any other context with a known type is used to solve a parameter the arguments leave open.

error: cannot tell what an empty `[]` is a list of
  --> 013_open_leaf_at_a_generic_call.cn:21:15
   21 |     var out = []
      |               ^^ nothing here ever says what this list holds
  help: An empty `[]` takes its element type from what is later done with it — a `push`, a return, an argument whose type is already known. Nothing here pinned it down. Annotate the binding — `var xs: list[int32] = []` — or start the list with the elements it should hold.

